error[E0080]: could not evaluate static initializer
  --> $SRC_DIR/core/src/slice/raw.rs:LL:COL
   |
LL |         &*ptr::slice_from_raw_parts(data, len)
   |         ^^^^^^^^^^^^^^^^^^^^^^^^^^^^^^^^^^^^^^
   |         |
   |         dereferencing pointer failed: null pointer is a dangling pointer (it has no provenance)
   |         inside `std::slice::from_raw_parts::<'_, u32>` at $SRC_DIR/core/src/slice/raw.rs:LL:COL
   |
  ::: $DIR/forbidden_slices.rs:18:34
   |
LL | pub static S0: &[u32] = unsafe { from_raw_parts(ptr::null(), 0) };
   |                                  ------------------------------ inside `S0` at $DIR/forbidden_slices.rs:18:34

error[E0080]: could not evaluate static initializer
  --> $SRC_DIR/core/src/slice/raw.rs:LL:COL
   |
LL |         &*ptr::slice_from_raw_parts(data, len)
   |         ^^^^^^^^^^^^^^^^^^^^^^^^^^^^^^^^^^^^^^
   |         |
   |         dereferencing pointer failed: null pointer is a dangling pointer (it has no provenance)
   |         inside `std::slice::from_raw_parts::<'_, ()>` at $SRC_DIR/core/src/slice/raw.rs:LL:COL
   |
  ::: $DIR/forbidden_slices.rs:19:33
   |
LL | pub static S1: &[()] = unsafe { from_raw_parts(ptr::null(), 0) };
   |                                 ------------------------------ inside `S1` at $DIR/forbidden_slices.rs:19:33

error[E0080]: could not evaluate static initializer
  --> $SRC_DIR/core/src/slice/raw.rs:LL:COL
   |
LL |         &*ptr::slice_from_raw_parts(data, len)
   |         ^^^^^^^^^^^^^^^^^^^^^^^^^^^^^^^^^^^^^^
   |         |
   |         dereferencing pointer failed: ALLOC_ID has size 4, so pointer to 8 bytes starting at offset 0 is out-of-bounds
   |         inside `std::slice::from_raw_parts::<'_, u32>` at $SRC_DIR/core/src/slice/raw.rs:LL:COL
   |
  ::: $DIR/forbidden_slices.rs:22:34
   |
LL | pub static S2: &[u32] = unsafe { from_raw_parts(&D0, 2) };
   |                                  ---------------------- inside `S2` at $DIR/forbidden_slices.rs:22:34

error[E0080]: it is undefined behavior to use this value
  --> $DIR/forbidden_slices.rs:25:1
   |
LL | pub static S4: &[u8] = unsafe { from_raw_parts((&D1) as *const _ as _, 1) };
   | ^^^^^^^^^^^^^^^^^^^^ constructing invalid value at .<deref>[0]: encountered uninitialized bytes
   |
   = note: The rules on what exactly is undefined behavior aren't clear, so this check might be overzealous. Please open an issue on the rustc repository if you believe it should not be considered undefined behavior.
   = note: the raw bytes of the constant (size: 16, align: 8) {
               ╾───────ALLOC_ID───────╼ 01 00 00 00 00 00 00 00 │ ╾──────╼........
           }

error[E0080]: it is undefined behavior to use this value
  --> $DIR/forbidden_slices.rs:27:1
   |
LL | pub static S5: &[u8] = unsafe { from_raw_parts((&D3) as *const _ as _, size_of::<&u32>()) };
   | ^^^^^^^^^^^^^^^^^^^^ unable to turn pointer into raw bytes
   |
   = help: this code performed an operation that depends on the underlying bytes representing a pointer
   = help: the absolute address of a pointer is not known at compile-time, so such operations are not supported
   = note: the raw bytes of the constant (size: 16, align: 8) {
               ╾───────ALLOC_ID───────╼ 08 00 00 00 00 00 00 00 │ ╾──────╼........
           }

error[E0080]: it is undefined behavior to use this value
  --> $DIR/forbidden_slices.rs:29:1
   |
LL | pub static S6: &[bool] = unsafe { from_raw_parts((&D0) as *const _ as _, 4) };
   | ^^^^^^^^^^^^^^^^^^^^^^ constructing invalid value at .<deref>[0]: encountered 0x11, but expected a boolean
   |
   = note: The rules on what exactly is undefined behavior aren't clear, so this check might be overzealous. Please open an issue on the rustc repository if you believe it should not be considered undefined behavior.
   = note: the raw bytes of the constant (size: 16, align: 8) {
               ╾───────ALLOC_ID───────╼ 04 00 00 00 00 00 00 00 │ ╾──────╼........
           }

error[E0080]: it is undefined behavior to use this value
  --> $DIR/forbidden_slices.rs:32:1
   |
LL | pub static S7: &[u16] = unsafe {
   | ^^^^^^^^^^^^^^^^^^^^^ constructing invalid value: encountered an unaligned reference (required 2 byte alignment but found 1)
   |
   = note: The rules on what exactly is undefined behavior aren't clear, so this check might be overzealous. Please open an issue on the rustc repository if you believe it should not be considered undefined behavior.
   = note: the raw bytes of the constant (size: 16, align: 8) {
               ╾─────ALLOC_ID+0x1─────╼ 04 00 00 00 00 00 00 00 │ ╾──────╼........
           }

error[E0080]: could not evaluate static initializer
  --> $SRC_DIR/core/src/slice/raw.rs:LL:COL
   |
LL |         &*ptr::slice_from_raw_parts(data, len)
   |         ^^^^^^^^^^^^^^^^^^^^^^^^^^^^^^^^^^^^^^
   |         |
   |         dereferencing pointer failed: ALLOC_ID has size 8, so pointer to 8 bytes starting at offset 1 is out-of-bounds
   |         inside `std::slice::from_raw_parts::<'_, u64>` at $SRC_DIR/core/src/slice/raw.rs:LL:COL
   |
  ::: $DIR/forbidden_slices.rs:43:5
   |
LL |     from_raw_parts(ptr, 1)
   |     ---------------------- inside `S8` at $DIR/forbidden_slices.rs:43:5

error[E0080]: could not evaluate static initializer
  --> $SRC_DIR/core/src/ptr/const_ptr.rs:LL:COL
   |
LL |         unsafe { intrinsics::ptr_offset_from_unsigned(self, origin) }
   |                  ^^^^^^^^^^^^^^^^^^^^^^^^^^^^^^^^^^^^^^^^^^^^^^^^^^
   |                  |
   |                  out-of-bounds offset_from: null pointer is a dangling pointer (it has no provenance)
   |                  inside `ptr::const_ptr::<impl *const u32>::sub_ptr` at $SRC_DIR/core/src/ptr/const_ptr.rs:LL:COL
   |
  ::: $SRC_DIR/core/src/slice/raw.rs:LL:COL
   |
LL |     unsafe { from_raw_parts(range.start, range.end.sub_ptr(range.start)) }
   |                                          ------------------------------ inside `from_ptr_range::<'_, u32>` at $SRC_DIR/core/src/slice/raw.rs:LL:COL
   |
  ::: $DIR/forbidden_slices.rs:46:34
   |
LL | pub static R0: &[u32] = unsafe { from_ptr_range(ptr::null()..ptr::null()) };
   |                                  ---------------------------------------- inside `R0` at $DIR/forbidden_slices.rs:46:34

error[E0080]: could not evaluate static initializer
  --> $SRC_DIR/core/src/ptr/const_ptr.rs:LL:COL
   |
LL |         assert!(0 < pointee_size && pointee_size <= isize::MAX as usize);
   |         ^^^^^^^^^^^^^^^^^^^^^^^^^^^^^^^^^^^^^^^^^^^^^^^^^^^^^^^^^^^^^^^^
   |         |
   |         the evaluated program panicked at 'assertion failed: 0 < pointee_size && pointee_size <= isize::MAX as usize', $SRC_DIR/core/src/ptr/const_ptr.rs:LL:COL
   |         inside `ptr::const_ptr::<impl *const ()>::sub_ptr` at $SRC_DIR/core/src/ptr/const_ptr.rs:LL:COL
   |
  ::: $SRC_DIR/core/src/slice/raw.rs:LL:COL
   |
LL |     unsafe { from_raw_parts(range.start, range.end.sub_ptr(range.start)) }
   |                                          ------------------------------ inside `from_ptr_range::<'_, ()>` at $SRC_DIR/core/src/slice/raw.rs:LL:COL
   |
  ::: $DIR/forbidden_slices.rs:47:33
   |
LL | pub static R1: &[()] = unsafe { from_ptr_range(ptr::null()..ptr::null()) };
   |                                 ---------------------------------------- inside `R1` at $DIR/forbidden_slices.rs:47:33
   |
   = note: this error originates in the macro `assert` (in Nightly builds, run with -Z macro-backtrace for more info)

error[E0080]: could not evaluate static initializer
  --> $SRC_DIR/core/src/ptr/const_ptr.rs:LL:COL
   |
LL |         unsafe { intrinsics::offset(self, count) }
   |                  ^^^^^^^^^^^^^^^^^^^^^^^^^^^^^^^
   |                  |
   |                  out-of-bounds pointer arithmetic: ALLOC_ID has size 4, so pointer to 8 bytes starting at offset 0 is out-of-bounds
   |                  inside `ptr::const_ptr::<impl *const u32>::offset` at $SRC_DIR/core/src/ptr/const_ptr.rs:LL:COL
...
LL |         unsafe { self.offset(count as isize) }
   |                  --------------------------- inside `ptr::const_ptr::<impl *const u32>::add` at $SRC_DIR/core/src/ptr/const_ptr.rs:LL:COL
   |
  ::: $DIR/forbidden_slices.rs:50:25
   |
LL |     from_ptr_range(ptr..ptr.add(2))
   |                         ---------- inside `R2` at $DIR/forbidden_slices.rs:50:25

error[E0080]: it is undefined behavior to use this value
  --> $DIR/forbidden_slices.rs:52:1
   |
LL | pub static R4: &[u8] = unsafe {
   | ^^^^^^^^^^^^^^^^^^^^ constructing invalid value at .<deref>[0]: encountered uninitialized bytes
   |
   = note: The rules on what exactly is undefined behavior aren't clear, so this check might be overzealous. Please open an issue on the rustc repository if you believe it should not be considered undefined behavior.
   = note: the raw bytes of the constant (size: 16, align: 8) {
               ╾──────ALLOC_ID───────╼ 01 00 00 00 00 00 00 00 │ ╾──────╼........
           }

error[E0080]: it is undefined behavior to use this value
  --> $DIR/forbidden_slices.rs:57:1
   |
LL | pub static R5: &[u8] = unsafe {
   | ^^^^^^^^^^^^^^^^^^^^ unable to turn pointer into raw bytes
   |
   = help: this code performed an operation that depends on the underlying bytes representing a pointer
   = help: the absolute address of a pointer is not known at compile-time, so such operations are not supported
   = note: the raw bytes of the constant (size: 16, align: 8) {
               ╾──────ALLOC_ID───────╼ 08 00 00 00 00 00 00 00 │ ╾──────╼........
           }

error[E0080]: it is undefined behavior to use this value
  --> $DIR/forbidden_slices.rs:62:1
   |
LL | pub static R6: &[bool] = unsafe {
   | ^^^^^^^^^^^^^^^^^^^^^^ constructing invalid value at .<deref>[0]: encountered 0x11, but expected a boolean
   |
   = note: The rules on what exactly is undefined behavior aren't clear, so this check might be overzealous. Please open an issue on the rustc repository if you believe it should not be considered undefined behavior.
   = note: the raw bytes of the constant (size: 16, align: 8) {
               ╾──────ALLOC_ID───────╼ 04 00 00 00 00 00 00 00 │ ╾──────╼........
           }

error[E0080]: it is undefined behavior to use this value
  --> $DIR/forbidden_slices.rs:67:1
   |
LL | pub static R7: &[u16] = unsafe {
   | ^^^^^^^^^^^^^^^^^^^^^ constructing invalid value: encountered an unaligned reference (required 2 byte alignment but found 1)
   |
   = note: The rules on what exactly is undefined behavior aren't clear, so this check might be overzealous. Please open an issue on the rustc repository if you believe it should not be considered undefined behavior.
   = note: the raw bytes of the constant (size: 16, align: 8) {
               ╾────ALLOC_ID+0x1─────╼ 04 00 00 00 00 00 00 00 │ ╾──────╼........
           }

error[E0080]: could not evaluate static initializer
  --> $SRC_DIR/core/src/ptr/const_ptr.rs:LL:COL
   |
LL |         unsafe { intrinsics::offset(self, count) }
   |                  ^^^^^^^^^^^^^^^^^^^^^^^^^^^^^^^
   |                  |
   |                  out-of-bounds pointer arithmetic: ALLOC_ID has size 8, so pointer to 8 bytes starting at offset 1 is out-of-bounds
   |                  inside `ptr::const_ptr::<impl *const u64>::offset` at $SRC_DIR/core/src/ptr/const_ptr.rs:LL:COL
...
LL |         unsafe { self.offset(count as isize) }
   |                  --------------------------- inside `ptr::const_ptr::<impl *const u64>::add` at $SRC_DIR/core/src/ptr/const_ptr.rs:LL:COL
   |
  ::: $DIR/forbidden_slices.rs:74:25
   |
LL |     from_ptr_range(ptr..ptr.add(1))
   |                         ---------- inside `R8` at $DIR/forbidden_slices.rs:74:25

error[E0080]: could not evaluate static initializer
  --> $SRC_DIR/core/src/ptr/const_ptr.rs:LL:COL
   |
LL |         unsafe { intrinsics::ptr_offset_from_unsigned(self, origin) }
   |                  ^^^^^^^^^^^^^^^^^^^^^^^^^^^^^^^^^^^^^^^^^^^^^^^^^^
   |                  |
   |                  `ptr_offset_from_unsigned` called on pointers into different allocations
   |                  inside `ptr::const_ptr::<impl *const u32>::sub_ptr` at $SRC_DIR/core/src/ptr/const_ptr.rs:LL:COL
   |
  ::: $SRC_DIR/core/src/slice/raw.rs:LL:COL
   |
LL |     unsafe { from_raw_parts(range.start, range.end.sub_ptr(range.start)) }
   |                                          ------------------------------ inside `from_ptr_range::<'_, u32>` at $SRC_DIR/core/src/slice/raw.rs:LL:COL
   |
  ::: $DIR/forbidden_slices.rs:79:34
   |
LL | pub static R9: &[u32] = unsafe { from_ptr_range(&D0..(&D0 as *const u32).add(1)) };
   |                                  ----------------------------------------------- inside `R9` at $DIR/forbidden_slices.rs:79:34

error[E0080]: could not evaluate static initializer
  --> $SRC_DIR/core/src/ptr/const_ptr.rs:LL:COL
   |
LL |         unsafe { intrinsics::ptr_offset_from_unsigned(self, origin) }
   |                  ^^^^^^^^^^^^^^^^^^^^^^^^^^^^^^^^^^^^^^^^^^^^^^^^^^
   |                  |
   |                  `ptr_offset_from_unsigned` called on pointers into different allocations
   |                  inside `ptr::const_ptr::<impl *const u32>::sub_ptr` at $SRC_DIR/core/src/ptr/const_ptr.rs:LL:COL
   |
  ::: $SRC_DIR/core/src/slice/raw.rs:LL:COL
   |
LL |     unsafe { from_raw_parts(range.start, range.end.sub_ptr(range.start)) }
   |                                          ------------------------------ inside `from_ptr_range::<'_, u32>` at $SRC_DIR/core/src/slice/raw.rs:LL:COL
   |
  ::: $DIR/forbidden_slices.rs:80:35
   |
LL | pub static R10: &[u32] = unsafe { from_ptr_range(&D0..&D0) };
   |                                   ------------------------ inside `R10` at $DIR/forbidden_slices.rs:80:35

error: aborting due to 18 previous errors

For more information about this error, try `rustc --explain E0080`.
