{"lint_level":"deny","unused_extern_names":["bar"]}
