error: values of the type `[&usize; N]` are too big for the current architecture

error: aborting due to previous error

