error: attribute should be applied to a module
  --> $DIR/invalid-debugger-visualizer-target.rs:3:1
   |
LL | #[debugger_visualizer(natvis_file = "../foo.natvis")]
   | ^^^^^^^^^^^^^^^^^^^^^^^^^^^^^^^^^^^^^^^^^^^^^^^^^^^^^

error: aborting due to previous error

